// Jest Snapshot v1, https://goo.gl/fbAQLP

exports[`FileSelect component Matches snapshot 1`] = `
<input
  accept="image/*"
  id="file-1"
  onChange={[Function]}
  type="file"
/>
`;
